
 Start  Stop   Length Name               Class

 00000H 056CAH 056CBH _TEXT              CODE
 056D0H 056D0H 00000H _FARDATA           FAR_DATA
 056D0H 056D0H 00000H _FARBSS            FAR_BSS
 056D0H 056D0H 00000H _OVERLAY_          OVRINFO
 056D0H 056D0H 00000H _1STUB_            STUBSEG
 056D0H 05EBFH 007F0H _DATA              DATA
 05EC0H 05EC0H 00000H _CVTSEG            DATA
 05EC0H 05EC0H 00000H _SCNSEG            DATA
 05EC0H 05EC0H 00000H _CONST             CONST
 05EC0H 05ECBH 0000CH _INIT_             INITDATA
 05ECCH 05ECCH 00000H _INITEND_          INITDATA
 05ECCH 05ECCH 00000H _EXIT_             EXITDATA
 05ECCH 05ECCH 00000H _EXITEND_          EXITDATA
 05ECCH 09E31H 03F66H _BSS               BSS
 09E32H 09E32H 00000H _BSSEND            BSSEND
 09E40H 09EBFH 00080H _STACK             STACK


Detailed map of segments

 0000:0000 02C2 C=CODE   S=_TEXT          G=(none)  M=C0.ASM     ACBP=28
 0000:02C2 0567 C=CODE   S=_TEXT          G=(none)  M=EMTEST.C   ACBP=28
 0000:0829 0000 C=CODE   S=_TEXT          G=(none)  M=NETCONF.C  ACBP=28
 0000:0829 09C9 C=CODE   S=_TEXT          G=(none)  M=NET.C      ACBP=28
 0000:11F2 026E C=CODE   S=_TEXT          G=(none)  M=ROUTE.C    ACBP=28
 0000:1460 0DF0 C=CODE   S=_TEXT          G=(none)  M=TCP.C      ACBP=28
 0000:2250 043B C=CODE   S=_TEXT          G=(none)  M=UDP.C      ACBP=28
 0000:268B 0358 C=CODE   S=_TEXT          G=(none)  M=IP.C       ACBP=28
 0000:29E3 02D1 C=CODE   S=_TEXT          G=(none)  M=ICMP.C     ACBP=28
 0000:2CB4 036B C=CODE   S=_TEXT          G=(none)  M=ARP.C      ACBP=28
 0000:301F 0407 C=CODE   S=_TEXT          G=(none)  M=ETHERNET.C ACBP=28
 0000:3426 04F4 C=CODE   S=_TEXT          G=(none)  M=WD8003.C   ACBP=28
 0000:391A 03B9 C=CODE   S=_TEXT          G=(none)  M=NPRINTF.C  ACBP=28
 0000:3CD3 0433 C=CODE   S=_TEXT          G=(none)  M=NSCANF.C   ACBP=28
 0000:4106 04D9 C=CODE   S=_TEXT          G=(none)  M=SUPPORT.C  ACBP=28
 0000:45DF 0363 C=CODE   S=_TEXT          G=(none)  M=DRIVER.C   ACBP=28
 0000:4950 00CB C=CODE   S=_TEXT          G=(none)  M=SUPPA.ASM  ACBP=68
 0000:4A1B 0024 C=CODE   S=_TEXT          G=(none)  M=ATEXIT     ACBP=28
 0000:4A3F 0049 C=CODE   S=_TEXT          G=(none)  M=CLOCK      ACBP=28
 0000:4A88 0000 C=CODE   S=_TEXT          G=(none)  M=CTYPE      ACBP=28
 0000:4A88 0020 C=CODE   S=_TEXT          G=(none)  M=DOSVECT    ACBP=28
 0000:4AA8 0089 C=CODE   S=_TEXT          G=(none)  M=EXIT       ACBP=28
 0000:4B31 0000 C=CODE   S=_TEXT          G=(none)  M=FILES      ACBP=28
 0000:4B31 0000 C=CODE   S=_TEXT          G=(none)  M=FILES2     ACBP=28
 0000:4B31 0000 C=CODE   S=_TEXT          G=(none)  M=HEAPLEN    ACBP=28
 0000:4B31 00AE C=CODE   S=_TEXT          G=(none)  M=H_LDIV     ACBP=28
 0000:4BDF 0021 C=CODE   S=_TEXT          G=(none)  M=H_LLSH     ACBP=28
 0000:4C00 0021 C=CODE   S=_TEXT          G=(none)  M=H_LURSH    ACBP=28
 0000:4C21 004B C=CODE   S=_TEXT          G=(none)  M=IOERROR    ACBP=28
 0000:4C6C 0011 C=CODE   S=_TEXT          G=(none)  M=ISATTY     ACBP=28
 0000:4C7D 0029 C=CODE   S=_TEXT          G=(none)  M=LSEEK      ACBP=28
 0000:4CA6 0017 C=CODE   S=_TEXT          G=(none)  M=N_LXMUL    ACBP=28
 0000:4CBD 001C C=CODE   S=_TEXT          G=(none)  M=N_SCOPY    ACBP=28
 0000:4CD9 009D C=CODE   S=_TEXT          G=(none)  M=SETUPIO    ACBP=28
 0000:4D76 0000 C=CODE   S=_TEXT          G=(none)  M=STKLEN     ACBP=28
 0000:4D76 006F C=CODE   S=_TEXT          G=(none)  M=BRK        ACBP=28
 0000:4DE5 0277 C=CODE   S=_TEXT          G=(none)  M=NEARHEAP   ACBP=28
 0000:505C 0057 C=CODE   S=_TEXT          G=(none)  M=SETENVP    ACBP=28
 0000:50B3 007C C=CODE   S=_TEXT          G=(none)  M=ATOL       ACBP=28
 0000:512F 007D C=CODE   S=_TEXT          G=(none)  M=FFLUSH     ACBP=28
 0000:51AC 0038 C=CODE   S=_TEXT          G=(none)  M=FLUSHALL   ACBP=28
 0000:51E4 0182 C=CODE   S=_TEXT          G=(none)  M=FSEEK      ACBP=28
 0000:5366 005F C=CODE   S=_TEXT          G=(none)  M=GETENV     ACBP=28
 0000:53C5 0029 C=CODE   S=_TEXT          G=(none)  M=MEMCMP     ACBP=28
 0000:53EE 001F C=CODE   S=_TEXT          G=(none)  M=MEMCPY     ACBP=28
 0000:540D 0040 C=CODE   S=_TEXT          G=(none)  M=MEMSET     ACBP=28
 0000:544D 00CC C=CODE   S=_TEXT          G=(none)  M=SETVBUF    ACBP=28
 0000:5519 002F C=CODE   S=_TEXT          G=(none)  M=STRCMP     ACBP=28
 0000:5548 0022 C=CODE   S=_TEXT          G=(none)  M=STRCPY     ACBP=28
 0000:556A 0106 C=CODE   S=_TEXT          G=(none)  M=WRITE      ACBP=28
 0000:5670 003A C=CODE   S=_TEXT          G=(none)  M=WRITEA     ACBP=28
 0000:56AA 0021 C=CODE   S=_TEXT          G=(none)  M=XFFLUSH    ACBP=28
 056D:0000 0000 C=FAR_DATA S=_FARDATA       G=(none)  M=C0.ASM     ACBP=68
 056D:0000 0000 C=FAR_BSS S=_FARBSS        G=(none)  M=C0.ASM     ACBP=68
 056D:0000 0000 C=OVRINFO S=_OVERLAY_      G=(none)  M=C0.ASM     ACBP=68
 056D:0000 0000 C=STUBSEG S=_1STUB_        G=(none)  M=C0.ASM     ACBP=68
 056D:0000 00AA C=DATA   S=_DATA          G=DGROUP  M=C0.ASM     ACBP=68
 056D:00AA 010C C=DATA   S=_DATA          G=DGROUP  M=EMTEST.C   ACBP=48
 056D:01B6 0177 C=DATA   S=_DATA          G=DGROUP  M=NETCONF.C  ACBP=48
 056D:032E 0071 C=DATA   S=_DATA          G=DGROUP  M=NET.C      ACBP=48
 056D:03A0 0000 C=DATA   S=_DATA          G=DGROUP  M=ROUTE.C    ACBP=48
 056D:03A0 002B C=DATA   S=_DATA          G=DGROUP  M=TCP.C      ACBP=48
 056D:03CC 001B C=DATA   S=_DATA          G=DGROUP  M=UDP.C      ACBP=48
 056D:03E8 0021 C=DATA   S=_DATA          G=DGROUP  M=IP.C       ACBP=48
 056D:040A 001B C=DATA   S=_DATA          G=DGROUP  M=ICMP.C     ACBP=48
 056D:0426 001B C=DATA   S=_DATA          G=DGROUP  M=ARP.C      ACBP=48
 056D:0442 0021 C=DATA   S=_DATA          G=DGROUP  M=ETHERNET.C ACBP=48
 056D:0464 0042 C=DATA   S=_DATA          G=DGROUP  M=WD8003.C   ACBP=48
 056D:04A6 0000 C=DATA   S=_DATA          G=DGROUP  M=NPRINTF.C  ACBP=48
 056D:04A6 0000 C=DATA   S=_DATA          G=DGROUP  M=NSCANF.C   ACBP=48
 056D:04A6 0039 C=DATA   S=_DATA          G=DGROUP  M=SUPPORT.C  ACBP=48
 056D:04E0 002C C=DATA   S=_DATA          G=DGROUP  M=DRIVER.C   ACBP=48
 056D:0510 0000 C=DATA   S=_DATA          G=DGROUP  M=SUPPA.ASM  ACBP=68
 056D:0510 0002 C=DATA   S=_DATA          G=DGROUP  M=ATEXIT     ACBP=48
 056D:0512 0000 C=DATA   S=_DATA          G=DGROUP  M=CLOCK      ACBP=48
 056D:0512 0101 C=DATA   S=_DATA          G=DGROUP  M=CTYPE      ACBP=48
 056D:0614 0000 C=DATA   S=_DATA          G=DGROUP  M=DOSVECT    ACBP=48
 056D:0614 0006 C=DATA   S=_DATA          G=DGROUP  M=EXIT       ACBP=48
 056D:061A 0140 C=DATA   S=_DATA          G=DGROUP  M=FILES      ACBP=48
 056D:075A 002A C=DATA   S=_DATA          G=DGROUP  M=FILES2     ACBP=48
 056D:0784 0002 C=DATA   S=_DATA          G=DGROUP  M=HEAPLEN    ACBP=48
 056D:0786 0000 C=DATA   S=_DATA          G=DGROUP  M=H_LDIV     ACBP=48
 056D:0786 0000 C=DATA   S=_DATA          G=DGROUP  M=H_LLSH     ACBP=48
 056D:0786 0000 C=DATA   S=_DATA          G=DGROUP  M=H_LURSH    ACBP=48
 056D:0786 005B C=DATA   S=_DATA          G=DGROUP  M=IOERROR    ACBP=48
 056D:07E2 0000 C=DATA   S=_DATA          G=DGROUP  M=ISATTY     ACBP=48
 056D:07E2 0000 C=DATA   S=_DATA          G=DGROUP  M=LSEEK      ACBP=48
 056D:07E2 0000 C=DATA   S=_DATA          G=DGROUP  M=N_LXMUL    ACBP=48
 056D:07E2 0000 C=DATA   S=_DATA          G=DGROUP  M=N_SCOPY    ACBP=48
 056D:07E2 0000 C=DATA   S=_DATA          G=DGROUP  M=SETUPIO    ACBP=48
 056D:07E2 0002 C=DATA   S=_DATA          G=DGROUP  M=STKLEN     ACBP=48
 056D:07E4 0000 C=DATA   S=_DATA          G=DGROUP  M=BRK        ACBP=48
 056D:07E4 0006 C=DATA   S=_DATA          G=DGROUP  M=NEARHEAP   ACBP=48
 056D:07EA 0002 C=DATA   S=_DATA          G=DGROUP  M=SETENVP    ACBP=48
 056D:07EC 0000 C=DATA   S=_DATA          G=DGROUP  M=ATOL       ACBP=48
 056D:07EC 0000 C=DATA   S=_DATA          G=DGROUP  M=FFLUSH     ACBP=48
 056D:07EC 0000 C=DATA   S=_DATA          G=DGROUP  M=FLUSHALL   ACBP=48
 056D:07EC 0000 C=DATA   S=_DATA          G=DGROUP  M=FSEEK      ACBP=48
 056D:07EC 0000 C=DATA   S=_DATA          G=DGROUP  M=GETENV     ACBP=48
 056D:07EC 0000 C=DATA   S=_DATA          G=DGROUP  M=MEMCMP     ACBP=48
 056D:07EC 0000 C=DATA   S=_DATA          G=DGROUP  M=MEMCPY     ACBP=48
 056D:07EC 0000 C=DATA   S=_DATA          G=DGROUP  M=MEMSET     ACBP=48
 056D:07EC 0004 C=DATA   S=_DATA          G=DGROUP  M=SETVBUF    ACBP=48
 056D:07F0 0000 C=DATA   S=_DATA          G=DGROUP  M=STRCMP     ACBP=48
 056D:07F0 0000 C=DATA   S=_DATA          G=DGROUP  M=STRCPY     ACBP=48
 056D:07F0 0000 C=DATA   S=_DATA          G=DGROUP  M=WRITE      ACBP=48
 056D:07F0 0000 C=DATA   S=_DATA          G=DGROUP  M=WRITEA     ACBP=48
 056D:07F0 0000 C=DATA   S=_DATA          G=DGROUP  M=XFFLUSH    ACBP=48
 056D:07F0 0000 C=DATA   S=_CVTSEG        G=DGROUP  M=C0.ASM     ACBP=48
 056D:07F0 0000 C=DATA   S=_SCNSEG        G=DGROUP  M=C0.ASM     ACBP=48
 056D:07F0 0000 C=CONST  S=_CONST         G=DGROUP  M=C0.ASM     ACBP=48
 056D:07F0 0000 C=INITDATA S=_INIT_         G=DGROUP  M=C0.ASM     ACBP=48
 056D:07F0 0006 C=INITDATA S=_INIT_         G=DGROUP  M=SETUPIO    ACBP=48
 056D:07F6 0006 C=INITDATA S=_INIT_         G=DGROUP  M=SETENVP    ACBP=48
 056D:07FC 0000 C=INITDATA S=_INITEND_      G=DGROUP  M=C0.ASM     ACBP=28
 056D:07FC 0000 C=EXITDATA S=_EXIT_         G=DGROUP  M=C0.ASM     ACBP=48
 056D:07FC 0000 C=EXITDATA S=_EXITEND_      G=DGROUP  M=C0.ASM     ACBP=28
 056D:07FC 0000 C=BSS    S=_BSS           G=DGROUP  M=C0.ASM     ACBP=48
 056D:07FC 0000 C=BSS    S=_BSS           G=DGROUP  M=EMTEST.C   ACBP=48
 056D:07FC 0093 C=BSS    S=_BSS           G=DGROUP  M=NETCONF.C  ACBP=48
 056D:0890 0378 C=BSS    S=_BSS           G=DGROUP  M=NET.C      ACBP=48
 056D:0C08 0000 C=BSS    S=_BSS           G=DGROUP  M=ROUTE.C    ACBP=48
 056D:0C08 0000 C=BSS    S=_BSS           G=DGROUP  M=TCP.C      ACBP=48
 056D:0C08 0000 C=BSS    S=_BSS           G=DGROUP  M=UDP.C      ACBP=48
 056D:0C08 0000 C=BSS    S=_BSS           G=DGROUP  M=IP.C       ACBP=48
 056D:0C08 0000 C=BSS    S=_BSS           G=DGROUP  M=ICMP.C     ACBP=48
 056D:0C08 0000 C=BSS    S=_BSS           G=DGROUP  M=ARP.C      ACBP=48
 056D:0C08 0000 C=BSS    S=_BSS           G=DGROUP  M=ETHERNET.C ACBP=48
 056D:0C08 0000 C=BSS    S=_BSS           G=DGROUP  M=WD8003.C   ACBP=48
 056D:0C08 0000 C=BSS    S=_BSS           G=DGROUP  M=NPRINTF.C  ACBP=48
 056D:0C08 0000 C=BSS    S=_BSS           G=DGROUP  M=NSCANF.C   ACBP=48
 056D:0C08 3AB4 C=BSS    S=_BSS           G=DGROUP  M=SUPPORT.C  ACBP=48
 056D:46BC 0063 C=BSS    S=_BSS           G=DGROUP  M=DRIVER.C   ACBP=48
 056D:4720 0040 C=BSS    S=_BSS           G=DGROUP  M=ATEXIT     ACBP=48
 056D:4760 0001 C=BSS    S=_BSS           G=DGROUP  M=CLOCK      ACBP=48
 056D:4762 0000 C=BSS    S=_BSS           G=DGROUP  M=DOSVECT    ACBP=48
 056D:4762 0000 C=BSS    S=_BSS           G=DGROUP  M=IOERROR    ACBP=48
 056D:4762 0000 C=BSS    S=_BSS           G=DGROUP  M=ISATTY     ACBP=48
 056D:4762 0000 C=BSS    S=_BSS           G=DGROUP  M=LSEEK      ACBP=48
 056D:4762 0000 C=BSS    S=_BSS           G=DGROUP  M=SETUPIO    ACBP=48
 056D:4762 0000 C=BSS    S=_BSS           G=DGROUP  M=BRK        ACBP=48
 056D:4762 0000 C=BSS    S=_BSS           G=DGROUP  M=ATOL       ACBP=48
 056D:4762 0000 C=BSS    S=_BSS           G=DGROUP  M=GETENV     ACBP=48
 056D:4762 0000 C=BSS    S=_BSS           G=DGROUP  M=MEMCMP     ACBP=48
 056D:4762 0000 C=BSS    S=_BSS           G=DGROUP  M=MEMCPY     ACBP=48
 056D:4762 0000 C=BSS    S=_BSS           G=DGROUP  M=MEMSET     ACBP=48
 056D:4762 0000 C=BSS    S=_BSS           G=DGROUP  M=STRCMP     ACBP=48
 056D:4762 0000 C=BSS    S=_BSS           G=DGROUP  M=STRCPY     ACBP=48
 056D:4762 0000 C=BSS    S=_BSS           G=DGROUP  M=WRITEA     ACBP=48
 056D:4762 0000 C=BSSEND S=_BSSEND        G=DGROUP  M=C0.ASM     ACBP=28
 09E4:0000 0080 C=STACK  S=_STACK         G=(none)  M=C0.ASM     ACBP=74

