MCS-51 LINKER / LOCATER  L51 V2.7                                                             DATE  04/29/93   PAGE    1


MS-DOS MCS-51 LINKER / LOCATER  L51 V2.7, INVOKED BY:
L51 SIO0TEST.OBJ TO SIO0TEST.ABS

MEMORY MODEL: SMALL


INPUT MODULES INCLUDED:
  SIO0TEST.OBJ (SIO0TEST)
  C:\FC\LIB\C51S.LIB (?C_STARTUP)
  C:\FC\LIB\C51S.LIB (PRINTF)
  C:\FC\LIB\C51S.LIB (PUTCHAR)
  C:\FC\LIB\C51S.LIB (?C_INIT)
  C:\FC\LIB\C51S.LIB (?C_CLDPTR)
  C:\FC\LIB\C51S.LIB (?C_CLDOPTR)
  C:\FC\LIB\C51S.LIB (?C_CSTPTR)
  C:\FC\LIB\C51S.LIB (?C_PLDIIDATA)
  C:\FC\LIB\C51S.LIB (?C_CCASE)


LINK MAP OF MODULE:  SIO0TEST.ABS (SIO0TEST)


            TYPE    BASE      LENGTH    RELOCATION   SEGMENT NAME
            -----------------------------------------------------

            * * * * * * *   D A T A   M E M O R Y   * * * * * * *
            REG     0000H     0008H     ABSOLUTE     "REG BANK 0"
            DATA    0008H     0005H     UNIT         ?DT?SIO0TEST
            IDATA   000DH     0002H     UNIT         ?ID?SIO0TEST
                    000FH     0009H                  *** GAP ***
            REG     0018H     0008H     ABSOLUTE     "REG BANK 3"
            BIT     0020H.0   0000H.1   UNIT         ?BI?SIO0TEST
            BIT     0020H.1   0001H.1   UNIT         "BIT_GROUP"
                    0021H.2   0000H.6                *** GAP ***
            DATA    0022H     0014H     UNIT         "DATA_GROUP"
            IDATA   0036H     0001H     UNIT         ?STACK

            * * * * * * *  X D A T A   M E M O R Y  * * * * * * *
            XDATA   0000H     4000H     UNIT         ?XD?SIO0TEST

            * * * * * * *   C O D E   M E M O R Y   * * * * * * *
            CODE    0000H     0003H     ABSOLUTE     
            CODE    0003H     0003H     UNIT         ?PR?X1_INT?SIO0TEST
                    0006H     0005H                  *** GAP ***
            CODE    000BH     0003H     ABSOLUTE     
                    000EH     0005H                  *** GAP ***
            CODE    0013H     0003H     ABSOLUTE     
            CODE    0016H     000AH     UNIT         ?PR?_SET_LCD?SIO0TEST
                    0020H     0003H                  *** GAP ***
            CODE    0023H     0003H     ABSOLUTE     
            CODE    0026H     001BH     UNIT         ?PR?INIT_LCD?SIO0TEST
            CODE    0041H     000CH     UNIT         ?PR?INIT_SIO0?SIO0TEST
            CODE    004DH     000DH     UNIT         ?PR?GETKEY?SIO0TEST
            CODE    005AH     0012H     UNIT         ?PR?INIT?SIO0TEST
            CODE    006CH     0012H     UNIT         ?PR?TIMEOUT?SIO0TEST
            CODE    007EH     001DH     UNIT         ?PR?WRITE_BYTES?SIO0TEST
            CODE    009BH     0052H     UNIT         ?PR?RX_CODE?SIO0TEST
            CODE    00EDH     001CH     UNIT         ?PR?MAIN?SIO0TEST
            CODE    0109H     0018H     UNIT         ?CO?SIO0TEST
            CODE    0121H     0010H     UNIT         ?C_INITSEG
            CODE    0131H     008CH     UNIT         ?C_C51STARTUP
            CODE    01BDH     032BH     UNIT         ?PR?PRINTF?PRINTF
MCS-51 LINKER / LOCATER  L51 V2.7                                                           DATE  04/29/93   PAGE    2


            CODE    04E8H     005BH     UNIT         PUT_C
            CODE    0543H     0094H     UNIT         ?C_LIB_CODE



OVERLAY MAP OF MODULE:   SIO0TEST.ABS (SIO0TEST)


SEGMENT                             BIT-GROUP          DATA-GROUP 
  +--> CALLED SEGMENT            START    LENGTH     START    LENGTH
--------------------------------------------------------------------
?C_C51STARTUP                    -----    -----      -----    -----
  +--> ?PR?MAIN?SIO0TEST
  +--> ?C_INITSEG

?PR?MAIN?SIO0TEST                -----    -----      -----    -----
  +--> ?PR?INIT?SIO0TEST
  +--> ?PR?_SET_LCD?SIO0TEST
  +--> ?CO?SIO0TEST
  +--> ?PR?PRINTF?PRINTF
  +--> ?PR?WRITE_BYTES?SIO0TEST

?PR?INIT?SIO0TEST                -----    -----      -----    -----
  +--> ?PR?INIT_SIO0?SIO0TEST

?PR?PRINTF?PRINTF                0020H.1  0001H.1    0022H    0014H
  +--> ?C_LIB_CODE

?PR?WRITE_BYTES?SIO0TEST         -----    -----      -----    -----
  +--> ?PR?_SET_LCD?SIO0TEST
  +--> ?CO?SIO0TEST
  +--> ?PR?PRINTF?PRINTF



SYMBOL TABLE OF MODULE:  SIO0TEST.ABS (SIO0TEST)

VALUE           TYPE          NAME
----------------------------------

-------         MODULE        PRINTF
D:0022H         PUBLIC        ?_PRINTF517?BYTE
D:0022H         PUBLIC        ?_SPRINTF517?BYTE
D:0022H         PUBLIC        ?_PRINTF?BYTE
D:0022H         PUBLIC        ?_SPRINTF?BYTE
C:0222H         PUBLIC        _PRINTF
C:021CH         PUBLIC        _SPRINTF
C:0222H         PUBLIC        _PRINTF517
C:021CH         PUBLIC        _SPRINTF517
-------         ENDMOD        PRINTF

-------         MODULE        ?C_CLDPTR
C:0543H         PUBLIC        ?C_CLDPTR
-------         ENDMOD        ?C_CLDPTR

-------         MODULE        ?C_CLDOPTR
C:055EH         PUBLIC        ?C_CLDOPTR
-------         ENDMOD        ?C_CLDOPTR

-------         MODULE        ?C_CSTPTR
C:058DH         PUBLIC        ?C_CSTPTR
-------         ENDMOD        ?C_CSTPTR
MCS-51 LINKER / LOCATER  L51 V2.7                                                           DATE  04/29/93   PAGE    3



-------         MODULE        ?C_PLDIIDATA
C:05A1H         PUBLIC        ?C_PLDIIDATA
-------         ENDMOD        ?C_PLDIIDATA

-------         MODULE        ?C_CCASE
C:05B1H         PUBLIC        ?C_CCASE
-------         ENDMOD        ?C_CCASE

*** WARNING 16: UNCALLED SEGMENT, IGNORED FOR OVERLAY PROCESS
    SEGMENT: ?PR?INIT_LCD?SIO0TEST

*** WARNING 16: UNCALLED SEGMENT, IGNORED FOR OVERLAY PROCESS
    SEGMENT: ?PR?GETKEY?SIO0TEST
