A51 MACRO ASSEMBLER      SIO552                                                              DATE  01/03/93   PAGE     1


MS-DOS MACRO ASSEMBLER A51 V4.4 
OBJECT MODULE PLACED IN SIO552.OBJ
ASSEMBLER INVOKED BY:  A51 SIO552.A51


LOC  OBJ            LINE     SOURCE

                       1     ;******************************************************************************
                       2     ;                            SIO552 SERVICE ROUTINE                             
                       3     ;******************************************************************************
                       4     PUBLIC  _set_sio1_master
                       5     PUBLIC  _set_sio1_slave
                       6     PUBLIC  _sio1_init
                       7     PUBLIC  NUMBYTMST
                       8     PUBLIC  SLAVE_R_flag
                       9     
                      10     ;-------------------SIO1 SFR's--------------------------;
                      11     
  00D8                12     S1CON           data    0D8H
  00D9                13     S1STA           data    0D9H
  00DA                14     S1DAT           data    0DAH
  00DB                15     S1ADR           data    0DBH
  00A8                16     IEN0            data    0A8H
  00B8                17     IP0             data    0B8H
                      18     
                      19     ;-------------------BIT LOCATIONS-----------------------;
                      20     
  00DD                21     STA             bit     0DDH
  00BD                22     SIO1HP          bit     0BDH
                      23     
                      24     ;-------------------S1CON DATA--------------------------;
                      25     
  00D5                26     NA_O_NI_A       EQU     0D5H
  00C5                27     NA_NO_NI_A      EQU     0C5H
  00C1                28     NA_NO_NI_NA     EQU     0C1H
  00E5                29     A_NO_NI_A       EQU     0E5H
                      30     
                      31     ;-------------------GENERAL DATA------------------------;
                      32     
  0031                33     OWNSLA          EQU     031H
  00A0                34     ENSIO1          EQU     0A0H
  0001                35     PAG1            EQU     001H
  00A1                36     SLAW            EQU     0A1H
  00A0                37     SLAR            EQU     0A0H
  0018                38     SELRB3          EQU     018H
                      39     
                      40     IICDATA SEGMENT DATA
----                  41             RSEG    IICDATA
0000                  42     SD:             DS      1
0001                  43     MD:             DS      1
0002                  44     SLEN:           DS      1
0003                  45     BACKUP:         DS      1
0004                  46     NUMBYTMST:      DS      1
0005                  47     NUMBYTSLA:      DS      1
0006                  48     SLA:            DS      1
0007                  49     HADD:           DS      1
                      50     
                      51             BSEG
0000                  52     SLAVE_R_flag:   DBIT    1
0001                  53     SLAVE_T_flag:   DBIT    1
                      54     
A51 MACRO ASSEMBLER      SIO552                                                              DATE  01/03/93   PAGE     2


LOC  OBJ            LINE     SOURCE

                      55     IICCODE SEGMENT CODE
----                  56             RSEG    IICCODE
                      57             USING   0
                      58     
                      59     ;-------------------INITIALIZATION ROUTINE--------------;
                      60     ;-------------------R7 contains OWNSLA------------------;
                      61     
0000                  62     _sio1_init:
0000 8FDB             63             MOV     S1ADR,R7                        ;slave address = 48H
0002 D296             64             SETB    P1.6                            ;Port 1.6, 1.7 must be set for 
0004 D297             65             SETB    P1.7                            ;IýC bus communication
0006 750001   F       66             MOV     HADD,#PAG1                      ;use Page 1
0009 43A8A0           67             ORL     IEN0,#ENSIO1                    ;enable SIO1 interrupt
000C C2BD             68             CLR     SIO1HP                          ;SIO1 to low piority
000E 75D8C5           69             MOV     S1CON,#NA_NO_NI_A               ;No_Start, No_Stop, No_Serial-Int
0011 22               70             RET                                     ;Return Ack @ 100Khz Bit Rate
                      71     
                      72     
                      73     ;--------------------SET UP SLAVE Rx--------------------;
                      74     ;------- R7: d_ptr, R5: length -------------------------;
                      75     
0012                  76     _set_sio1_slave:
0012 8F00     F       77             MOV     SD,R7
0014 8D00     F       78             MOV     NUMBYTSLA,R5
0016 22               79             RET
                      80     
                      81     ;--------------------SET UP MASTER TX/RX----------------;
                      82     ;------- R7: addr, R5: length, R3: d_ptr----------------;
                      83     
0017                  84     _set_sio1_master:
0017 8D00     F       85             MOV     NUMBYTMST,R5
0019 8F00     F       86             MOV     SLA,R7
001B 8B00     F       87             MOV     MD,R3
001D D2DD             88             SETB    STA
001F 22               89             RET
                      90     
                      91     ;--------------------SIO1 INTERRUPT ROUTINE-------------;
                      92     
                      93             CSEG    AT      002BH
002B C0D0             94             PUSH    PSW
002D C0D9             95             PUSH    S1STA
002F C000     F       96             PUSH    HADD
0031 22               97             RET
                      98     
                      99     ;--------------------STATE ROUTINES---------------------;
                     100     ;-------STATE 00, Bus Error-----------------------------;
                     101     
                     102             CSEG    AT      0100H 
0100 75D8D5          103             MOV     S1CON,#NA_O_NI_A
0103 D0D0            104             POP     PSW
0105 32              105             RETI
                     106     
                     107     ;-------MASTER STATE SERVICE ROUTINES-------------------;
                     108     ;-------STATE 08, A start condition has been Tx---------;
                     109     
                     110             CSEG    AT      0108H
0108 8500DA   F      111             MOV     S1DAT,SLA
010B 75D8C5          112             MOV     S1CON,#NA_NO_NI_A
010E 01A0            113             AJMP    INITBASE1
A51 MACRO ASSEMBLER      SIO552                                                              DATE  01/03/93   PAGE     3


LOC  OBJ            LINE     SOURCE

                     114     
                     115     ;-------STATE 10, A repeat start condition has been Tx--;
                     116     
                     117             CSEG    AT      0110H
0110 8500DA   F      118             MOV     S1DAT,SLA
0113 75D8C5          119             MOV     S1CON,#NA_NO_NI_A
0116 01A0            120             AJMP    INITBASE1
                     121     
                     122             CSEG    AT      00A0H
                     123             USING   3
00A0                 124     INITBASE1:      
00A0 75D018          125             MOV     PSW,#SELRB3
00A3 A800     F      126             MOV     R0,MD
00A5 A900     F      127             MOV     R1,MD
00A7 850000   F      128             MOV     BACKUP,NUMBYTMST
00AA D0D0            129             POP     PSW
00AC 32              130             RETI
                     131     
                     132     ;-------STATE 18, ACK recieved--------------------------;
                     133     
                     134             CSEG    AT      0118H
0118 75D018          135             MOV     PSW,#SELRB3
011B 87DA            136             MOV     S1DAT,@R1
011D 01B5            137             AJMP    CON
                     138     
                     139     ;-------STATE 20, NACK recieved-------------------------;
                     140     
                     141             CSEG    AT      0120H
0120 75D8D5          142             MOV     S1CON,#NA_O_NI_A
0123 D0D0            143             POP     PSW
0125 32              144             RETI
                     145     
                     146     ;-------STATE 28, DATA Tx, ACK Rx-----------------------;
                     147     
                     148             CSEG    AT      0128H
0128 D50085   F      149             DJNZ    NUMBYTMST,NOTLDAT1
012B 75D8D5          150             MOV     S1CON,#NA_O_NI_A
012E 01B9            151             AJMP    RETmt
                     152     
                     153             CSEG    AT      00B0H
00B0                 154     NOTLDAT1:
00B0 75D018          155             MOV     PSW,#SELRB3
00B3 87DA            156             MOV     S1DAT,@R1
00B5 75D8C5          157     CON:    MOV     S1CON,#NA_NO_NI_A
00B8 09              158             INC     R1
00B9                 159     RETmt:
00B9 D0D0            160             POP     PSW
00BB 32              161             RETI
                     162     
                     163     ;-------STATE 30, DATA Tx, NACK Rx----------------------;
                     164     
                     165             CSEG    AT      0130H
0130 75D8D5          166             MOV     S1CON,#NA_O_NI_A
0133 D0D0            167             POP     PSW
0135 32              168             RETI
                     169     
                     170     ;-------STATE 38, Arbitration lost----------------------;
                     171     
                     172             CSEG    AT      0138H
A51 MACRO ASSEMBLER      SIO552                                                              DATE  01/03/93   PAGE     4


LOC  OBJ            LINE     SOURCE

0138 75D8E5          173             MOV     S1CON,#A_NO_NI_A
013B 850000   F      174             MOV     NUMBYTMST,BACKUP
013E 01B9            175             AJMP    RETmt
                     176     
                     177     ;-------------------MASTER RECIEVER ROUTINES------------;
                     178     ;-------STATE 40, SLA+R Tx, ACK Rx----------------------;
                     179     
                     180             CSEG    AT      0140H
0140 75D8C5          181             MOV     S1CON,#NA_NO_NI_A
0143 01CC            182             AJMP    RETmr
                     183     
                     184     ;-------STATE 48, SLA+R Tx, NACK Rx---------------------;
                     185     
                     186             CSEG    AT      0148H
0148 75D8D5          187             MOV     S1CON,#NA_O_NI_A
014B D0D0            188             POP     PSW
014D 32              189             RETI
                     190     
                     191     ;-------STATE 50, DATA Rx, ACK Tx-----------------------;
                     192     
                     193             CSEG    AT      0150H
0150 75D018          194             MOV     PSW,#SELRB3
0153 A6DA            195             MOV     @R0,S1DAT
0155 01C0            196             AJMP    REC1
                     197     
                     198             CSEG    AT      00C0H
00C0                 199     REC1:
00C0 D50005   F      200             DJNZ    NUMBYTMST,NOTLDAT2
00C3 75D8C1          201             MOV     S1CON,#NA_NO_NI_NA
00C6 8004            202             SJMP    RETmr
00C8                 203     NOTLDAT2:
00C8 75D8C5          204             MOV     S1CON,#NA_NO_NI_A
00CB 08              205             INC     R0
00CC                 206     RETmr:
00CC D0D0            207             POP     PSW
00CE 32              208             RETI
                     209     
                     210     ;-------STATE 58, DATA Rx, NACK Tx----------------------;
                     211     
                     212             CSEG    AT      0158H
0158 75D8D5          213             MOV     S1CON,#NA_O_NI_A
015B D0D0            214             POP     PSW
015D 32              215             RETI
                     216     
                     217     ;==============================================================================
                     218     
                     219     ;-------SLAVE RECIEVER STATE SERVICE ROUTINES-----------;
                     220     ;-------STATE 60, OWN SLA+R/W Rx, ACK Tx----------------;
                     221     
                     222             CSEG    AT      0160H
0160 75D8C5          223             MOV     S1CON,#NA_NO_NI_A
0163 75D018          224             MOV     PSW,#SELRB3
0166 01D0            225             AJMP    INITSRD
                     226     
                     227             CSEG    AT      00D0H
00D0                 228     INITSRD:
00D0 A800     F      229             MOV     R0,SD
00D2 A900     F      230             MOV     R1,NUMBYTSLA
00D4 D0D0            231             POP     PSW
A51 MACRO ASSEMBLER      SIO552                                                              DATE  01/03/93   PAGE     5


LOC  OBJ            LINE     SOURCE

00D6 32              232             RETI
                     233     
                     234     ;-------STATE 68, ARBIT LOST SLA&R/W (MST), OWNSLA Rx---;
                     235     
                     236             CSEG    AT      0168H
0168 75D8E5          237             MOV     S1CON,#A_NO_NI_A
016B 75D018          238             MOV     PSW,#SELRB3
016E 01D0            239             AJMP    INITSRD
                     240     
                     241     
                     242     
                     243     ;-------STATE 70, GEN CALL Rx, Rx DATA-----------------;
                     244     ;
                     245     ;       CSEG    AT      0170H
                     246     ;       MOV     S1CON,#NA_NO_NI_A
                     247     ;       MOV     PSW,#SELRB3
                     248     ;       AJMP    INITSRD
                     249     ;
                     250     ;-------STATE 78, ARBIT LOST SLA&R/W (MST), GEN CALL Rx-;
                     251     ;
                     252     ;       CSEG    AT      0178H
                     253     ;       MOV     S1CON,#A_NO_NI_A
                     254     ;       MOV     PSW,#SELRB3
                     255     ;       AJMP    INITSRD
                     256     
                     257     
                     258     ;-------STATE 80, OWNSLA DATA Rx, Tx ACK----------------;
                     259     
                     260             CSEG    AT      0180H
0180 75D018          261             MOV     PSW,#SELRB3
0183 A6DA            262             MOV     @R0,S1DAT
0185 01D8            263             AJMP    REC2
                     264     
                     265             CSEG    AT      00D8H
00D8                 266     REC2:
00D8 D907            267             DJNZ    R1,NOTLDAT3
00DA 75D8C1          268             MOV     S1CON,#NA_NO_NI_NA
00DD D200            269             SETB    SLAVE_R_flag
00DF 01E5            270             AJMP    RETsr
00E1                 271     NOTLDAT3:
00E1 75D8C5          272             MOV     S1CON,#NA_NO_NI_A
00E4 08              273             INC     R0
00E5                 274     RETsr:
00E5 D0D0            275             POP     PSW
00E7 32              276             RETI
                     277             
                     278     ;-------STATE 88, OWNSLA DATA Rx, NACK Tx---------------;
                     279     
                     280             CSEG    AT      0188H
0188 75D8C5          281             MOV     S1CON,#NA_NO_NI_A
018B 01E5            282             AJMP    RETsr
                     283     
                     284     
                     285     ;-------STATE 90, GEN CALL DATA Rx, ACK Tx--------------;
                     286     ;
                     287     ;       CSEG    AT      0190H
                     288     ;       MOV     @R0,S1DAT
                     289     ;       AJMP    LDAT
                     290     ;
A51 MACRO ASSEMBLER      SIO552                                                              DATE  01/03/93   PAGE     6


LOC  OBJ            LINE     SOURCE

                     291     ;-------STATE 98, GEN CALL DATA Rx, NACK Tx-------------;
                     292     ;
                     293     ;       CSEG    AT      0198H
                     294     ;       MOV     S1CON,#NA_NO_NI_A
                     295     ;       POP     PSW
                     296     ;       RETI
                     297     
                     298     
                     299     ;-------STATE A0, STP OR RSTRT Rx ---------------------;
                     300     
                     301             CSEG    AT      01A0H
01A0 75D8C5          302             MOV     S1CON,#NA_NO_NI_A
01A3 D0D0            303             POP     PSW
01A5 32              304             RETI
                     305     
                     306     ;-------SLAVE TRANSMITTER STATE SERVICES ROUTINES-------;
                     307     ;-------STATE A8, OWN SLA+R Rx, ACK Tx------------------;
                     308     
                     309             CSEG    AT      01A8H
01A8 01E8            310             AJMP    INITBASE2
                     311     
                     312             CSEG    AT      00E8H
00E8                 313     INITBASE2:
00E8 75D018          314             MOV     PSW,#SELRB3
00EB A900     F      315             MOV     R1,SD
00ED 87DA            316             MOV     S1DAT,@R1
00EF 75D8C5          317             MOV     S1CON,#NA_NO_NI_A
00F2 D0D0            318             POP     PSW
00F4 32              319             RETI
                     320     
                     321     ;-------STATE B0, ARBIT LOST SLA&R/W (MST), OWN SLA+R Rx ACK Tx-;
                     322     
                     323             CSEG    AT      01B0H   
01B0 01E8            324             AJMP    INITBASE2
                     325     
                     326     ;-------STATE B8, DATA Tx ACK Rx ---------------------;
                     327     
                     328             CSEG    AT      01B8H
01B8 75D018          329             MOV     PSW,#SELRB3
01BB 87DA            330             MOV     S1DAT,@R1
01BD 01F8            331             AJMP    CON2
                     332     
                     333             CSEG    AT      00F8H
00F8                 334     CON2:   
00F8 75D8C5          335             MOV     S1CON,#NA_NO_NI_A
00FB 09              336             INC     R1
00FC D0D0            337             POP     PSW
00FE 32              338             RETI
                     339     
                     340     ;-------STATE C0, DATA Tx NACK Rx---------------------;
                     341     
                     342             CSEG    AT      01C0H
01C0 75D8C5          343             MOV     S1CON,#NA_NO_NI_A
01C3 D0D0            344             POP     PSW
01C5 32              345             RETI
                     346     
                     347     ;-------STATE C8, DATA Tx (AA=0) ACK Rx--------------;
                     348     
                     349             CSEG    AT      01C8H
A51 MACRO ASSEMBLER      SIO552                                                              DATE  01/03/93   PAGE     7


LOC  OBJ            LINE     SOURCE

01C8 75D8C5          350             MOV     S1CON,#NA_NO_NI_A
01CB D0D0            351             POP     PSW
01CD 32              352             RETI 
                     353     
                     354     ;----------------------------------------------------;
                     355     
                     356             END
A51 MACRO ASSEMBLER      SIO552                                                              DATE  01/03/93   PAGE     8


SYMBOL TABLE LISTING
------ ----- -------


N A M E           T Y P E  V A L U E   ATTRIBUTES

A_NO_NI_A. . . .  N NUMB   00E5H   A
BACKUP . . . . .  D ADDR   0003H   R        SEG=IICDATA
CON. . . . . . .  C ADDR   00B5H   A
CON2 . . . . . .  C ADDR   00F8H   A
ENSIO1 . . . . .  N NUMB   00A0H   A
HADD . . . . . .  D ADDR   0007H   R        SEG=IICDATA
IEN0 . . . . . .  D ADDR   00A8H   A
IICCODE. . . . .  C SEG    0020H            REL=UNIT
IICDATA. . . . .  D SEG    0008H            REL=UNIT
INITBASE1. . . .  C ADDR   00A0H   A
INITBASE2. . . .  C ADDR   00E8H   A
INITSRD. . . . .  C ADDR   00D0H   A
IP0. . . . . . .  D ADDR   00B8H   A
MD . . . . . . .  D ADDR   0001H   R        SEG=IICDATA
NA_NO_NI_A . . .  N NUMB   00C5H   A
NA_NO_NI_NA. . .  N NUMB   00C1H   A
NA_O_NI_A. . . .  N NUMB   00D5H   A
NOTLDAT1 . . . .  C ADDR   00B0H   A
NOTLDAT2 . . . .  C ADDR   00C8H   A
NOTLDAT3 . . . .  C ADDR   00E1H   A
NUMBYTMST. . . .  D ADDR   0004H   R   PUB  SEG=IICDATA
NUMBYTSLA. . . .  D ADDR   0005H   R        SEG=IICDATA
OWNSLA . . . . .  N NUMB   0031H   A
P1 . . . . . . .  D ADDR   0090H   A
PAG1 . . . . . .  N NUMB   0001H   A
PSW. . . . . . .  D ADDR   00D0H   A
REC1 . . . . . .  C ADDR   00C0H   A
REC2 . . . . . .  C ADDR   00D8H   A
RETMR. . . . . .  C ADDR   00CCH   A
RETMT. . . . . .  C ADDR   00B9H   A
RETSR. . . . . .  C ADDR   00E5H   A
S1ADR. . . . . .  D ADDR   00DBH   A
S1CON. . . . . .  D ADDR   00D8H   A
S1DAT. . . . . .  D ADDR   00DAH   A
S1STA. . . . . .  D ADDR   00D9H   A
SD . . . . . . .  D ADDR   0000H   R        SEG=IICDATA
SELRB3 . . . . .  N NUMB   0018H   A
SIO1HP . . . . .  B ADDR   00B8H.5 A
SLA. . . . . . .  D ADDR   0006H   R        SEG=IICDATA
SLAR . . . . . .  N NUMB   00A0H   A
SLAVE_R_FLAG . .  B ADDR   0020H.0 A   PUB
SLAVE_T_FLAG . .  B ADDR   0020H.1 A
SLAW . . . . . .  N NUMB   00A1H   A
SLEN . . . . . .  D ADDR   0002H   R        SEG=IICDATA
STA. . . . . . .  B ADDR   00D8H.5 A
_SET_SIO1_MASTER  C ADDR   0017H   R   PUB  SEG=IICCODE
_SET_SIO1_SLAVE.  C ADDR   0012H   R   PUB  SEG=IICCODE
_SIO1_INIT . . .  C ADDR   0000H   R   PUB  SEG=IICCODE


REGISTER BANK(S) USED: 0 3

ASSEMBLY COMPLETE, NO ERRORS FOUND
